E:\Incompact3d\Console1\Console1\Console1.f90
E:\Incompact3d\Console1\Console1\Source1.f90
E:\Incompact3d\Console1\Console1\TimeStamp.f90
E:\Incompact3d\Console1\Console1\Debug\call_sub__genmod.f90
E:\Incompact3d\Console1\Console1\Debug\fillgrid__genmod.f90
E:\Incompact3d\Console1\Console1\Debug\func__genmod.f90
E:\Incompact3d\Console1\Console1\Debug\sub__genmod.f90
E:\Incompact3d\Console1\Console1\fcode.cn\MyReadModule.f90
E:\Incompact3d\Console1\Console1\FFT\complex - ¸±±¾.f90
E:\Incompact3d\Console1\Console1\FFT\complex.f90
E:\Incompact3d\Console1\Console1\FFT\FFT_MOD.f90
E:\Incompact3d\Console1\Console1\fortranmatlab\fortran-with-matlab.f90
E:\Incompact3d\Console1\Console1\gust\gust.f90
E:\Incompact3d\Console1\Console1\Ses.6.res\Demo_IF\func.f90
E:\Incompact3d\Console1\Console1\Ses.6.res\Demo_IF\main.f90
E:\Incompact3d\Console1\Console1\Ses.6.res\Demo_Type\main.f90
E:\Incompact3d\Console1\Console1\Ses.7.res\ARR.F90
E:\Incompact3d\Console1\Console1\Ses.7.res\ARR_ACCESS.F90
E:\Incompact3d\Console1\Console1\Ses.7.res\ARR_TYPE.F90
E:\Incompact3d\Console1\Console1\Ses.7.res\BANDMAT.F90
E:\Incompact3d\Console1\Console1\Ses.7.res\CLASS.F90
E:\Incompact3d\Console1\Console1\Ses.7.res\ENUM.F90
E:\Incompact3d\Console1\Console1\Ses.7.res\TYPE.F90
E:\Incompact3d\Console1\Console1\Ses.7.res\TYPE_ACCESS.F90
E:\Incompact3d\Console1\Console1\Ses.8.res\FuncPrint.f90
E:\Incompact3d\Console1\Console1\Ses.8.res\func_name_arg.f90
E:\Incompact3d\Console1\Console1\Ses.8.res\optional.f90
E:\Incompact3d\Console1\Console1\Ses.8.res\passtype.f90
E:\Incompact3d\Console1\Console1\Ses.8.res\passtype_degree.f90
E:\Incompact3d\Console1\Console1\Ses.8.res\recursive.f90
E:\Incompact3d\Console1\Console1\Ses.8.res\recursive_do.f90
E:\Incompact3d\Console1\Console1\Ses.8.res\WriteMatrix.f90
E:\Incompact3d\Console1\Console1\Ses.8.res\Î±´úÂë.f90
E:\Incompact3d\Console1\Console1\Ses.9.res\interface.f90
E:\Incompact3d\Console1\Console1\Ses.9.res\isTest.f90
E:\Incompact3d\Console1\Console1\Ses.9.res\module.f90
E:\Incompact3d\Console1\Console1\Ses.9.res\module_oper.f90
E:\Incompact3d\Console1\Console1\Ses.9.res\module_protect.f90
E:\Incompact3d\Console1\Console1\Ses.9.res\module_view.f90
E:\Incompact3d\Console1\Console1\TestNameList\usenamelist.f90
